CCS PCM C Compiler, Version 4.038, 15176               14-Aug-13 08:36

               Filename: main.lst

               ROM used: 69 words (2%)
                         Largest free fragment is 2048
               RAM used: 8 (3%) at main() level
                         8 (3%) worst case
               Stack:    0 locations

*
0000:  MOVLW  00
0001:  MOVWF  0A
0002:  GOTO   004
0003:  NOP
.................... #include <16F690.h> 
.................... //////// Standard Header file for the PIC16F690 device //////////////// 
.................... #device PIC16F690 
.................... #list 
....................  
.................... #device adc=8 
....................  
.................... #FUSES NOWDT                    //No Watch Dog Timer 
.................... #FUSES HS 
.................... #FUSES INTRC_IO                 //Low power osc < 200 khz  LP 
.................... #FUSES NOPROTECT                //Code not protected from reading 
.................... #FUSES NOBROWNOUT               //No brownout reset 
.................... #FUSES NOMCLR                   //Master Clear pin used for I/O 
.................... #FUSES NOCPD                    //No EE protection 
.................... #FUSES NOPUT                    //No Power Up Timer 
.................... #FUSES NOIESO                   //Internal External Switch Over mode disabled 
.................... #FUSES NOFCMEN                  //Fail-safe clock monitor disabled 
....................  
.................... #include "main.h" 
.................... #byte portc = 0x07 
....................  
.................... #define status 0x03 
.................... #define rp0 0x05 
....................  
.................... int count = 0; 
*
001E:  CLRF   25
.................... int f = 0; 
001F:  CLRF   26
....................  
.................... void footer(); 
....................  
....................  
.................... #use delay(clock=32000) 
....................  
.................... void main(void) 
.................... { 
*
0004:  CLRF   04
0005:  BCF    03.7
0006:  MOVLW  1F
0007:  ANDWF  03,F
0008:  MOVLW  01
0009:  BSF    03.5
000A:  MOVWF  0F
000B:  BCF    03.5
000C:  BSF    03.6
000D:  BCF    1F.0
000E:  BCF    1F.1
000F:  BCF    1F.2
0010:  BCF    1F.3
0011:  BCF    03.6
0012:  BCF    1F.6
0013:  MOVLW  00
0014:  BSF    03.6
0015:  MOVWF  1E
0016:  CLRF   19
0017:  CLRF   1A
0018:  BSF    03.5
0019:  CLRF   1E
001A:  BCF    03.5
001B:  CLRF   1B
001C:  BCF    03.6
001D:  BCF    0D.5
.................... 	#asm 
.................... 		bsf status, rp0 
*
0020:  BSF    03.5
.................... 		clrf portc 
0021:  CLRF   07
.................... 		bcf status, rp0 
0022:  BCF    03.5
.................... 	#endasm 
.................... 	while(true) 
.................... 	{ 
.................... 		count = 255; 
0023:  MOVLW  FF
0024:  MOVWF  25
.................... 		#asm 
.................... 			         
.................... 		    clrf portc 
0025:  CLRF   07
....................              
....................             loop1:  DECFSZ count,f 
0026:  DECFSZ 25,F
.................... 			        goto loop1 
0027:  GOTO   026
.................... 			        NOP 
0028:  NOP
.................... 			loop2:  DECFSZ count,f 
0029:  DECFSZ 25,F
.................... 			        goto loop2 
002A:  GOTO   029
.................... 			        NOP 
002B:  NOP
.................... 			loop3:  DECFSZ count,f 
002C:  DECFSZ 25,F
.................... 			        goto loop3 
002D:  GOTO   02C
.................... 			        NOP 
002E:  NOP
.................... 			loop4:  DECFSZ count,f 
002F:  DECFSZ 25,F
.................... 			        goto loop4 
0030:  GOTO   02F
.................... 			        NOP 
0031:  NOP
.................... 			loop5:  DECFSZ count,f 
0032:  DECFSZ 25,F
.................... 			        goto loop5 
0033:  GOTO   032
.................... 			        NOP 
0034:  NOP
.................... 			loop6:  DECFSZ count,f 
0035:  DECFSZ 25,F
.................... 			        goto loop6 
0036:  GOTO   035
.................... 			        NOP 
0037:  NOP
.................... 			loop7:  DECFSZ count,f 
0038:  DECFSZ 25,F
.................... 			        goto loop7 
0039:  GOTO   038
.................... 			        NOP 
003A:  NOP
.................... 			loop8:  DECFSZ count,f 
003B:  DECFSZ 25,F
.................... 			        goto loop8 
003C:  GOTO   03B
.................... 			        NOP 
003D:  NOP
....................              
.................... 			movlw 0b00000001 
003E:  MOVLW  01
.................... 			movwf portc 
003F:  MOVWF  07
.................... 			 
.................... 		    loop0:  DECFSZ count,f 
0040:  DECFSZ 25,F
.................... 			        goto loop0 
0041:  GOTO   040
.................... 			        NOP 
0042:  NOP
....................  
.................... 		#endasm 
.................... 	} 
0043:  GOTO   023
.................... } 
....................  
.................... //              /)/) 
.................... //             ( 0 0) 
.................... //             /'-._) 
.................... //            /#/ 
.................... //           /#/	Tighty Whities (Pty) Ltd. 
.................... //          /#/		(c) 2013. For Ze Party. 
0044:  SLEEP

Configuration Fuses:
   Word  1: 30D4   INTRC_IO NOPROTECT NOBROWNOUT NOMCLR NOCPD NOWDT NOPUT NOIESO NOFCMEN
